<html>
<body>
<pre>
<h1>µVision Build Log</h1>
<h2>Tool Versions:</h2>
IDE-Version: µVision V5.43.1.0
Copyright (C) 2025 ARM Ltd and ARM Germany GmbH. All rights reserved.
License Information: Dung Admin, UET-VNU, LIC=----
 
Tool Versions:
Toolchain:       MDK-Lite  Version: 5.43.0.0
Toolchain Path:  D:\keil\ARM\ARMCLANG\Bin
C Compiler:      ArmClang.exe V6.24
Assembler:       Armasm.exe V6.24
Linker/Locator:  ArmLink.exe V6.24
Library Manager: ArmAr.exe V6.24
Hex Converter:   FromElf.exe V6.24
CPU DLL:         SARMCM3.DLL V5.43.0.0
Dialog DLL:      DARMCM1.DLL V1.19.6.0
Target DLL:      UL2CM3.DLL V1.164.16.0
Dialog DLL:      TARMCM1.DLL V1.14.6.0
 
<h2>Project:</h2>
D:\UET\4-1\soc\Lab06\lab_files\Software\labababb6.uvprojx
Project File Date:  11/11/2025

<h2>Output:</h2>
*** Using Compiler 'V6.24', folder: 'D:\keil\ARM\ARMCLANG\Bin'
Rebuild target 'Target_1'
"cm0dsasm.s", line 84 (column 13): Warning: A1865W: '#' not seen before constant expression
   84 00000014     MOVS R0, 'T'
                           ^
0 Errors, 1 Warning
assembling cm0dsasm.s...
linking...
Program Size: Code=60 RO-data=128 RW-data=0 ZI-data=0  
After Build - User command #1: fromelf -cvf .\Objects\code.axf --vhx --32x1 -o code.hex
".\Objects\code.axf" - 0 Error(s), 0 Warning(s).

<h2>Software Packages used:</h2>

Package Vendor: ARM
                https://www.keil.com/pack/ARM.CMSIS.6.2.0.pack
                ARM::CMSIS@6.2.0
                CMSIS (Common Microcontroller Software Interface Standard)
   * Component: CORE Version: 6.1.1

Package Vendor: ARM
                https://www.keil.com/pack/ARM.Cortex_DFP.1.1.0.pack
                ARM::Cortex_DFP@1.1.0
                ARM Cortex Reference Subsystems Device Family Pack

<h2>Collection of Component include folders:</h2>
  ./RTE/_Target_1
  D:/keil/ARM/CMSIS/6.2.0/CMSIS/Core/Include
  D:/keil/ARM/Cortex_DFP/1.1.0/Device/ARMCM0/Include

<h2>Collection of Component Files used:</h2>

   * Component: ARM::CMSIS:CORE@6.1.1
Build Time Elapsed:  00:00:01
</pre>
</body>
</html>
